[    0.000000] microcode: microcode updated early to revision 0xca, date = 2019-10-03
[    0.000000] Linux version 5.3.0-40-generic (buildd@lcy01-amd64-024) (gcc version 7.4.0 (Ubuntu 7.4.0-1ubuntu1~18.04.1)) #32~18.04.1-Ubuntu SMP Mon Feb 3 14:05:59 UTC 2020 (Ubuntu 5.3.0-40.32~18.04.1-generic 5.3.18)
[    0.000000] Command line: BOOT_IMAGE=/boot/vmlinuz-5.3.0-40-generic root=UUID=d9f68579-8222-4fc9-b6bf-451d079aa876 ro quiet splash vt.handoff=1
[    0.000000] KERNEL supported cpus:
[    0.000000]   Intel GenuineIntel
[    0.000000]   AMD AuthenticAMD
[    0.000000]   Hygon HygonGenuine
[    0.000000]   Centaur CentaurHauls
[    0.000000]   zhaoxin   Shanghai  
[    0.000000] x86/fpu: Supporting XSAVE feature 0x001: 'x87 floating point registers'
[    0.000000] x86/fpu: Supporting XSAVE feature 0x002: 'SSE registers'
[    0.000000] x86/fpu: Supporting XSAVE feature 0x004: 'AVX registers'
[    0.000000] x86/fpu: Supporting XSAVE feature 0x008: 'MPX bounds registers'
[    0.000000] x86/fpu: Supporting XSAVE feature 0x010: 'MPX CSR'
[    0.000000] x86/fpu: xstate_offset[2]:  576, xstate_sizes[2]:  256
[    0.000000] x86/fpu: xstate_offset[3]:  832, xstate_sizes[3]:   64
[    0.000000] x86/fpu: xstate_offset[4]:  896, xstate_sizes[4]:   64
[    0.000000] x86/fpu: Enabled xstate features 0x1f, context size is 960 bytes, using 'compacted' format.
[    0.000000] BIOS-provided physical RAM map:
[    0.000000] BIOS-e820: [mem 0x0000000000000000-0x0000000000057fff] usable
[    0.000000] BIOS-e820: [mem 0x0000000000058000-0x0000000000058fff] reserved
[    0.000000] BIOS-e820: [mem 0x0000000000059000-0x000000000009efff] usable
[    0.000000] BIOS-e820: [mem 0x000000000009f000-0x00000000000fffff] reserved
[    0.000000] BIOS-e820: [mem 0x0000000000100000-0x00000000b72a1fff] usable
[    0.000000] BIOS-e820: [mem 0x00000000b72a2000-0x00000000b72dbfff] ACPI data
[    0.000000] BIOS-e820: [mem 0x00000000b72dc000-0x00000000b768ffff] usable
[    0.000000] BIOS-e820: [mem 0x00000000b7690000-0x00000000b7690fff] ACPI NVS
[    0.000000] BIOS-e820: [mem 0x00000000b7691000-0x00000000b7691fff] reserved
[    0.000000] BIOS-e820: [mem 0x00000000b7692000-0x00000000c43a6fff] usable
[    0.000000] BIOS-e820: [mem 0x00000000c43a7000-0x00000000c5c66fff] reserved
[    0.000000] BIOS-e820: [mem 0x00000000c5c67000-0x00000000c5c91fff] ACPI data
[    0.000000] BIOS-e820: [mem 0x00000000c5c92000-0x00000000c5d8ffff] usable
[    0.000000] BIOS-e820: [mem 0x00000000c5d90000-0x00000000c60b7fff] ACPI NVS
[    0.000000] BIOS-e820: [mem 0x00000000c60b8000-0x00000000c7728fff] reserved
[    0.000000] BIOS-e820: [mem 0x00000000c7729000-0x00000000c77a1fff] type 20
[    0.000000] BIOS-e820: [mem 0x00000000c77a2000-0x00000000c77fffff] usable
[    0.000000] BIOS-e820: [mem 0x00000000c7800000-0x00000000c7ffffff] reserved
[    0.000000] BIOS-e820: [mem 0x00000000f8000000-0x00000000fbffffff] reserved
[    0.000000] BIOS-e820: [mem 0x00000000fe000000-0x00000000fe010fff] reserved
[    0.000000] BIOS-e820: [mem 0x00000000fec00000-0x00000000fec00fff] reserved
[    0.000000] BIOS-e820: [mem 0x00000000fed00000-0x00000000fed00fff] reserved
[    0.000000] BIOS-e820: [mem 0x00000000fee00000-0x00000000fee00fff] reserved
[    0.000000] BIOS-e820: [mem 0x00000000ff000000-0x00000000ffffffff] reserved
[    0.000000] BIOS-e820: [mem 0x0000000100000000-0x0000000436ffffff] usable
[    0.000000] NX (Execute Disable) protection: active
[    0.000000] efi: EFI v2.60 by American Megatrends
[    0.000000] efi:  ACPI 2.0=0xb72a2000  ACPI=0xb72a2000  SMBIOS=0xc7686000  SMBIOS 3.0=0xc7685000  MPS=0xfcb40  ESRT=0xc2921598 
[    0.000000] secureboot: Secure boot could not be determined (mode 0)
[    0.000000] SMBIOS 3.0.0 present.
[    0.000000] DMI: System manufacturer System Product Name/ROG STRIX Z370-E GAMING, BIOS 0616 04/27/2018
[    0.000000] tsc: Detected 3700.000 MHz processor
[    0.001162] tsc: Detected 3699.850 MHz TSC
[    0.001162] e820: update [mem 0x00000000-0x00000fff] usable ==> reserved
[    0.001163] e820: remove [mem 0x000a0000-0x000fffff] usable
[    0.001168] last_pfn = 0x437000 max_arch_pfn = 0x400000000
[    0.001171] MTRR default type: write-back
[    0.001171] MTRR fixed ranges enabled:
[    0.001172]   00000-9FFFF write-back
[    0.001172]   A0000-BFFFF uncachable
[    0.001173]   C0000-FFFFF write-protect
[    0.001173] MTRR variable ranges enabled:
[    0.001174]   0 base 00E0000000 mask 7FE0000000 uncachable
[    0.001175]   1 base 00D0000000 mask 7FF0000000 uncachable
[    0.001175]   2 base 00C8000000 mask 7FF8000000 uncachable
[    0.001176]   3 disabled
[    0.001176]   4 disabled
[    0.001176]   5 disabled
[    0.001176]   6 disabled
[    0.001177]   7 disabled
[    0.001177]   8 disabled
[    0.001177]   9 disabled
[    0.001559] x86/PAT: Configuration [0-7]: WB  WC  UC- UC  WB  WP  UC- WT  
[    0.001714] last_pfn = 0xc7800 max_arch_pfn = 0x400000000
[    0.007072] found SMP MP-table at [mem 0x000fce60-0x000fce6f]
[    0.007080] esrt: Reserving ESRT space from 0x00000000c2921598 to 0x00000000c29215d0.
[    0.007087] check: Scanning 1 areas for low memory corruption
[    0.007092] Using GB pages for direct mapping
[    0.007093] BRK [0x120401000, 0x120401fff] PGTABLE
[    0.007094] BRK [0x120402000, 0x120402fff] PGTABLE
[    0.007095] BRK [0x120403000, 0x120403fff] PGTABLE
[    0.007112] BRK [0x120404000, 0x120404fff] PGTABLE
[    0.007113] BRK [0x120405000, 0x120405fff] PGTABLE
[    0.007177] BRK [0x120406000, 0x120406fff] PGTABLE
[    0.007189] BRK [0x120407000, 0x120407fff] PGTABLE
[    0.007215] BRK [0x120408000, 0x120408fff] PGTABLE
[    0.007236] BRK [0x120409000, 0x120409fff] PGTABLE
[    0.007266] BRK [0x12040a000, 0x12040afff] PGTABLE
[    0.007306] BRK [0x12040b000, 0x12040bfff] PGTABLE
[    0.007346] BRK [0x12040c000, 0x12040cfff] PGTABLE
[    0.007384] RAMDISK: [mem 0x330e1000-0x35867fff]
[    0.007390] ACPI: Early table checksum verification disabled
[    0.007392] ACPI: RSDP 0x00000000B72A2000 000024 (v02 ALASKA)
[    0.007394] ACPI: XSDT 0x00000000B72A20B0 0000D4 (v01 ALASKA A M I    01072009 AMI  00010013)
[    0.007398] ACPI: FACP 0x00000000B72CE198 000114 (v06 ALASKA A M I    01072009 AMI  00010013)
[    0.007401] ACPI: DSDT 0x00000000B72A2218 02BF7E (v02 ALASKA A M I    01072009 INTL 20160422)
[    0.007403] ACPI: FACS 0x00000000C60B7F00 000040
[    0.007404] ACPI: APIC 0x00000000B72CE2B0 0000F4 (v03 ALASKA A M I    01072009 AMI  00010013)
[    0.007406] ACPI: FPDT 0x00000000B72CE3A8 000044 (v01 ALASKA A M I    01072009 AMI  00010013)
[    0.007407] ACPI: FIDT 0x00000000B72CE3F0 00009C (v01 ALASKA A M I    01072009 AMI  00010013)
[    0.007409] ACPI: WSMT 0x00000000B72DAE88 000028 (v01 ALASKA A M I    01072009 AMI  00010013)
[    0.007411] ACPI: MCFG 0x00000000B72CE4E8 00003C (v01 ALASKA A M I    01072009 MSFT 00000097)
[    0.007412] ACPI: SSDT 0x00000000B72CE528 0003A3 (v01 SataRe SataTabl 00001000 INTL 20160422)
[    0.007414] ACPI: SSDT 0x00000000B72CE8D0 003043 (v02 SaSsdt SaSsdt   00003000 INTL 20160422)
[    0.007416] ACPI: SSDT 0x00000000B72D1918 002611 (v02 PegSsd PegSsdt  00001000 INTL 20160422)
[    0.007417] ACPI: HPET 0x00000000B72D3F30 000038 (v01 INTEL  KBL      00000001 MSFT 0000005F)
[    0.007419] ACPI: SSDT 0x00000000B72D3F68 0011A2 (v02 INTEL  Ther_Rvp 00001000 INTL 20160422)
[    0.007421] ACPI: SSDT 0x00000000B72D5110 000B13 (v02 INTEL  xh_rvp08 00000000 INTL 20160422)
[    0.007423] ACPI: UEFI 0x00000000B72D5C28 000042 (v01 ALASKA A M I    00000002      01000013)
[    0.007424] ACPI: SSDT 0x00000000B72D5C70 0017AE (v02 CpuRef CpuSsdt  00003000 INTL 20160422)
[    0.007426] ACPI: LPIT 0x00000000B72D7420 000094 (v01 INTEL  KBL      00000000 MSFT 0000005F)
[    0.007428] ACPI: SSDT 0x00000000B72D74B8 000141 (v02 INTEL  HdaDsp   00000000 INTL 20160422)
[    0.007429] ACPI: SSDT 0x00000000B72D7600 00029F (v02 INTEL  sensrhub 00000000 INTL 20160422)
[    0.007431] ACPI: SSDT 0x00000000B72D78A0 003002 (v02 INTEL  PtidDevc 00001000 INTL 20160422)
[    0.007432] ACPI: SSDT 0x00000000B72DA8A8 000517 (v02 INTEL  TbtTypeC 00000000 INTL 20160422)
[    0.007434] ACPI: DBGP 0x00000000B72DADC0 000034 (v01 INTEL           00000002 MSFT 0000005F)
[    0.007436] ACPI: DBG2 0x00000000B72DADF8 000054 (v00 INTEL           00000002 MSFT 0000005F)
[    0.007437] ACPI: BGRT 0x00000000B72DAE50 000038 (v01 ALASKA A M I    01072009 AMI  00010013)
[    0.007443] ACPI: Local APIC address 0xfee00000
[    0.007576] No NUMA configuration found
[    0.007577] Faking a node at [mem 0x0000000000000000-0x0000000436ffffff]
[    0.007584] NODE_DATA(0) allocated [mem 0x436fd5000-0x436ffffff]
[    0.007743] Zone ranges:
[    0.007744]   DMA      [mem 0x0000000000001000-0x0000000000ffffff]
[    0.007745]   DMA32    [mem 0x0000000001000000-0x00000000ffffffff]
[    0.007745]   Normal   [mem 0x0000000100000000-0x0000000436ffffff]
[    0.007746]   Device   empty
[    0.007746] Movable zone start for each node
[    0.007748] Early memory node ranges
[    0.007749]   node   0: [mem 0x0000000000001000-0x0000000000057fff]
[    0.007750]   node   0: [mem 0x0000000000059000-0x000000000009efff]
[    0.007750]   node   0: [mem 0x0000000000100000-0x00000000b72a1fff]
[    0.007751]   node   0: [mem 0x00000000b72dc000-0x00000000b768ffff]
[    0.007751]   node   0: [mem 0x00000000b7692000-0x00000000c43a6fff]
[    0.007751]   node   0: [mem 0x00000000c5c92000-0x00000000c5d8ffff]
[    0.007752]   node   0: [mem 0x00000000c77a2000-0x00000000c77fffff]
[    0.007752]   node   0: [mem 0x0000000100000000-0x0000000436ffffff]
[    0.007824] Zeroed struct page in unavailable ranges: 15260 pages
[    0.007824] Initmem setup node 0 [mem 0x0000000000001000-0x0000000436ffffff]
[    0.007825] On node 0 totalpages: 4174948
[    0.007826]   DMA zone: 64 pages used for memmap
[    0.007826]   DMA zone: 25 pages reserved
[    0.007827]   DMA zone: 3997 pages, LIFO batch:0
[    0.007860]   DMA32 zone: 12500 pages used for memmap
[    0.007861]   DMA32 zone: 799943 pages, LIFO batch:63
[    0.014697]   Normal zone: 52672 pages used for memmap
[    0.014697]   Normal zone: 3371008 pages, LIFO batch:63
[    0.040059] ACPI: PM-Timer IO Port: 0x1808
[    0.040061] ACPI: Local APIC address 0xfee00000
[    0.040066] ACPI: LAPIC_NMI (acpi_id[0x01] high edge lint[0x1])
[    0.040066] ACPI: LAPIC_NMI (acpi_id[0x02] high edge lint[0x1])
[    0.040066] ACPI: LAPIC_NMI (acpi_id[0x03] high edge lint[0x1])
[    0.040067] ACPI: LAPIC_NMI (acpi_id[0x04] high edge lint[0x1])
[    0.040067] ACPI: LAPIC_NMI (acpi_id[0x05] high edge lint[0x1])
[    0.040067] ACPI: LAPIC_NMI (acpi_id[0x06] high edge lint[0x1])
[    0.040068] ACPI: LAPIC_NMI (acpi_id[0x07] high edge lint[0x1])
[    0.040068] ACPI: LAPIC_NMI (acpi_id[0x08] high edge lint[0x1])
[    0.040068] ACPI: LAPIC_NMI (acpi_id[0x09] high edge lint[0x1])
[    0.040069] ACPI: LAPIC_NMI (acpi_id[0x0a] high edge lint[0x1])
[    0.040069] ACPI: LAPIC_NMI (acpi_id[0x0b] high edge lint[0x1])
[    0.040070] ACPI: LAPIC_NMI (acpi_id[0x0c] high edge lint[0x1])
[    0.040095] IOAPIC[0]: apic_id 2, version 32, address 0xfec00000, GSI 0-119
[    0.040096] ACPI: INT_SRC_OVR (bus 0 bus_irq 0 global_irq 2 dfl dfl)
[    0.040097] ACPI: INT_SRC_OVR (bus 0 bus_irq 9 global_irq 9 high level)
[    0.040098] ACPI: IRQ0 used by override.
[    0.040098] ACPI: IRQ9 used by override.
[    0.040100] Using ACPI (MADT) for SMP configuration information
[    0.040100] ACPI: HPET id: 0x8086a201 base: 0xfed00000
[    0.040105] smpboot: Allowing 12 CPUs, 0 hotplug CPUs
[    0.040120] PM: Registered nosave memory: [mem 0x00000000-0x00000fff]
[    0.040121] PM: Registered nosave memory: [mem 0x00058000-0x00058fff]
[    0.040122] PM: Registered nosave memory: [mem 0x0009f000-0x000fffff]
[    0.040123] PM: Registered nosave memory: [mem 0xb72a2000-0xb72dbfff]
[    0.040124] PM: Registered nosave memory: [mem 0xb7690000-0xb7690fff]
[    0.040125] PM: Registered nosave memory: [mem 0xb7691000-0xb7691fff]
[    0.040126] PM: Registered nosave memory: [mem 0xc43a7000-0xc5c66fff]
[    0.040126] PM: Registered nosave memory: [mem 0xc5c67000-0xc5c91fff]
[    0.040127] PM: Registered nosave memory: [mem 0xc5d90000-0xc60b7fff]
[    0.040127] PM: Registered nosave memory: [mem 0xc60b8000-0xc7728fff]
[    0.040128] PM: Registered nosave memory: [mem 0xc7729000-0xc77a1fff]
[    0.040129] PM: Registered nosave memory: [mem 0xc7800000-0xc7ffffff]
[    0.040129] PM: Registered nosave memory: [mem 0xc8000000-0xf7ffffff]
[    0.040129] PM: Registered nosave memory: [mem 0xf8000000-0xfbffffff]
[    0.040130] PM: Registered nosave memory: [mem 0xfc000000-0xfdffffff]
[    0.040130] PM: Registered nosave memory: [mem 0xfe000000-0xfe010fff]
[    0.040130] PM: Registered nosave memory: [mem 0xfe011000-0xfebfffff]
[    0.040131] PM: Registered nosave memory: [mem 0xfec00000-0xfec00fff]
[    0.040131] PM: Registered nosave memory: [mem 0xfec01000-0xfecfffff]
[    0.040131] PM: Registered nosave memory: [mem 0xfed00000-0xfed00fff]
[    0.040132] PM: Registered nosave memory: [mem 0xfed01000-0xfedfffff]
[    0.040132] PM: Registered nosave memory: [mem 0xfee00000-0xfee00fff]
[    0.040132] PM: Registered nosave memory: [mem 0xfee01000-0xfeffffff]
[    0.040133] PM: Registered nosave memory: [mem 0xff000000-0xffffffff]
[    0.040134] [mem 0xc8000000-0xf7ffffff] available for PCI devices
[    0.040134] Booting paravirtualized kernel on bare hardware
[    0.040136] clocksource: refined-jiffies: mask: 0xffffffff max_cycles: 0xffffffff, max_idle_ns: 7645519600211568 ns
[    0.040140] setup_percpu: NR_CPUS:8192 nr_cpumask_bits:12 nr_cpu_ids:12 nr_node_ids:1
[    0.040353] percpu: Embedded 54 pages/cpu s184320 r8192 d28672 u262144
[    0.040358] pcpu-alloc: s184320 r8192 d28672 u262144 alloc=1*2097152
[    0.040358] pcpu-alloc: [0] 00 01 02 03 04 05 06 07 [0] 08 09 10 11 -- -- -- -- 
[    0.040378] Built 1 zonelists, mobility grouping on.  Total pages: 4109687
[    0.040378] Policy zone: Normal
[    0.040379] Kernel command line: BOOT_IMAGE=/boot/vmlinuz-5.3.0-40-generic root=UUID=d9f68579-8222-4fc9-b6bf-451d079aa876 ro quiet splash vt.handoff=1
[    0.040994] Dentry cache hash table entries: 2097152 (order: 12, 16777216 bytes, linear)
[    0.041291] Inode-cache hash table entries: 1048576 (order: 11, 8388608 bytes, linear)
[    0.041368] mem auto-init: stack:off, heap alloc:on, heap free:off
[    0.043678] Calgary: detecting Calgary via BIOS EBDA area
[    0.043679] Calgary: Unable to locate Rio Grande table in EBDA - bailing!
[    0.070830] Memory: 16058968K/16699792K available (14339K kernel code, 2369K rwdata, 4664K rodata, 2660K init, 5076K bss, 640824K reserved, 0K cma-reserved)
[    0.070930] SLUB: HWalign=64, Order=0-3, MinObjects=0, CPUs=12, Nodes=1
[    0.070938] Kernel/User page tables isolation: enabled
[    0.070949] ftrace: allocating 42886 entries in 168 pages
[    0.082125] rcu: Hierarchical RCU implementation.
[    0.082126] rcu: 	RCU restricting CPUs from NR_CPUS=8192 to nr_cpu_ids=12.
[    0.082127] 	Tasks RCU enabled.
[    0.082127] rcu: RCU calculated value of scheduler-enlistment delay is 25 jiffies.
[    0.082128] rcu: Adjusting geometry for rcu_fanout_leaf=16, nr_cpu_ids=12
[    0.084065] NR_IRQS: 524544, nr_irqs: 2152, preallocated irqs: 16
[    0.084367] random: crng done (trusting CPU's manufacturer)
[    0.084385] vt handoff: transparent VT on vt#1
[    0.084391] Console: colour dummy device 80x25
[    0.084394] printk: console [tty0] enabled
[    0.084405] ACPI: Core revision 20190703
[    0.084637] clocksource: hpet: mask: 0xffffffff max_cycles: 0xffffffff, max_idle_ns: 79635855245 ns
[    0.084701] APIC: Switch to symmetric I/O mode setup
[    0.085898] x2apic: IRQ remapping doesn't support X2APIC mode
[    0.086168] Switched APIC routing to physical flat.
[    0.090226] ..TIMER: vector=0x30 apic1=0 pin1=2 apic2=-1 pin2=-1
[    0.108650] clocksource: tsc-early: mask: 0xffffffffffffffff max_cycles: 0x6aa99074b1c, max_idle_ns: 881590506587 ns
[    0.108653] Calibrating delay loop (skipped), value calculated using timer frequency.. 7399.70 BogoMIPS (lpj=14799400)
[    0.108654] pid_max: default: 32768 minimum: 301
[    0.113884] LSM: Security Framework initializing
[    0.113890] Yama: becoming mindful.
[    0.113926] AppArmor: AppArmor initialized
[    0.113969] Mount-cache hash table entries: 32768 (order: 6, 262144 bytes, linear)
[    0.113989] Mountpoint-cache hash table entries: 32768 (order: 6, 262144 bytes, linear)
[    0.114097] *** VALIDATE proc ***
[    0.114131] *** VALIDATE cgroup1 ***
[    0.114132] *** VALIDATE cgroup2 ***
[    0.114169] mce: CPU0: Thermal monitoring enabled (TM1)
[    0.114186] process: using mwait in idle threads
[    0.114188] Last level iTLB entries: 4KB 64, 2MB 8, 4MB 8
[    0.114189] Last level dTLB entries: 4KB 64, 2MB 0, 4MB 0, 1GB 4
[    0.114190] Spectre V1 : Mitigation: usercopy/swapgs barriers and __user pointer sanitization
[    0.114191] Spectre V2 : Mitigation: Full generic retpoline
[    0.114192] Spectre V2 : Spectre v2 / SpectreRSB mitigation: Filling RSB on context switch
[    0.114192] Spectre V2 : Enabling Restricted Speculation for firmware calls
[    0.114193] Spectre V2 : mitigation: Enabling conditional Indirect Branch Prediction Barrier
[    0.114193] Spectre V2 : User space: Mitigation: STIBP via seccomp and prctl
[    0.114194] Speculative Store Bypass: Mitigation: Speculative Store Bypass disabled via prctl and seccomp
[    0.114196] TAA: Mitigation: Clear CPU buffers
[    0.114196] MDS: Mitigation: Clear CPU buffers
[    0.114367] Freeing SMP alternatives memory: 40K
[    0.116703] TSC deadline timer enabled
[    0.116708] smpboot: CPU0: Intel(R) Core(TM) i7-8700K CPU @ 3.70GHz (family: 0x6, model: 0x9e, stepping: 0xa)
[    0.116776] Performance Events: PEBS fmt3+, Skylake events, 32-deep LBR, full-width counters, Intel PMU driver.
[    0.116780] ... version:                4
[    0.116780] ... bit width:              48
[    0.116780] ... generic registers:      4
[    0.116781] ... value mask:             0000ffffffffffff
[    0.116781] ... max period:             00007fffffffffff
[    0.116782] ... fixed-purpose events:   3
[    0.116782] ... event mask:             000000070000000f
[    0.116809] rcu: Hierarchical SRCU implementation.
[    0.117730] NMI watchdog: Enabled. Permanently consumes one hw-PMU counter.
[    0.117799] smp: Bringing up secondary CPUs ...
[    0.117861] x86: Booting SMP configuration:
[    0.117862] .... node  #0, CPUs:        #1  #2  #3  #4  #5  #6
[    0.126230] MDS CPU bug present and SMT on, data leak possible. See https://www.kernel.org/doc/html/latest/admin-guide/hw-vuln/mds.html for more details.
[    0.126230] TAA CPU bug present and SMT on, data leak possible. See https://www.kernel.org/doc/html/latest/admin-guide/hw-vuln/tsx_async_abort.html for more details.
[    0.126230]   #7  #8  #9 #10 #11
[    0.129078] smp: Brought up 1 node, 12 CPUs
[    0.129078] smpboot: Max logical packages: 1
[    0.129078] smpboot: Total of 12 processors activated (88796.40 BogoMIPS)
[    0.132771] devtmpfs: initialized
[    0.132771] x86/mm: Memory block size: 128MB
[    0.133697] PM: Registering ACPI NVS region [mem 0xb7690000-0xb7690fff] (4096 bytes)
[    0.133697] PM: Registering ACPI NVS region [mem 0xc5d90000-0xc60b7fff] (3309568 bytes)
[    0.133697] clocksource: jiffies: mask: 0xffffffff max_cycles: 0xffffffff, max_idle_ns: 7645041785100000 ns
[    0.133697] futex hash table entries: 4096 (order: 6, 262144 bytes, linear)
[    0.133697] pinctrl core: initialized pinctrl subsystem
[    0.133697] PM: RTC time: 09:01:06, date: 2020-02-23
[    0.133697] NET: Registered protocol family 16
[    0.133697] audit: initializing netlink subsys (disabled)
[    0.133697] audit: type=2000 audit(1582448465.048:1): state=initialized audit_enabled=0 res=1
[    0.133697] EISA bus registered
[    0.133697] cpuidle: using governor ladder
[    0.133697] cpuidle: using governor menu
[    0.133697] KVM setup pv remote TLB flush
[    0.133697] ACPI FADT declares the system doesn't support PCIe ASPM, so disable it
[    0.133697] ACPI: bus type PCI registered
[    0.133697] acpiphp: ACPI Hot Plug PCI Controller Driver version: 0.5
[    0.133697] PCI: MMCONFIG for domain 0000 [bus 00-3f] at [mem 0xf8000000-0xfbffffff] (base 0xf8000000)
[    0.133697] PCI: MMCONFIG at [mem 0xf8000000-0xfbffffff] reserved in E820
[    0.133697] PCI: Using configuration type 1 for base access
[    0.133697] ENERGY_PERF_BIAS: Set to 'normal', was 'performance'
[    0.133697] HugeTLB registered 1.00 GiB page size, pre-allocated 0 pages
[    0.133697] HugeTLB registered 2.00 MiB page size, pre-allocated 0 pages
[    0.136716] ACPI: Added _OSI(Module Device)
[    0.136716] ACPI: Added _OSI(Processor Device)
[    0.136717] ACPI: Added _OSI(3.0 _SCP Extensions)
[    0.136717] ACPI: Added _OSI(Processor Aggregator Device)
[    0.136718] ACPI: Added _OSI(Linux-Dell-Video)
[    0.136718] ACPI: Added _OSI(Linux-Lenovo-NV-HDMI-Audio)
[    0.136719] ACPI: Added _OSI(Linux-HPI-Hybrid-Graphics)
[    0.173029] ACPI: 11 ACPI AML tables successfully acquired and loaded
[    0.178974] ACPI: Dynamic OEM Table Load:
[    0.178978] ACPI: SSDT 0xFFFF94F264394800 00077A (v02 PmRef  Cpu0Ist  00003000 INTL 20160422)
[    0.180278] ACPI: \_PR_.PR00: _OSC native thermal LVT Acked
[    0.181591] ACPI: Dynamic OEM Table Load:
[    0.181594] ACPI: SSDT 0xFFFF94F2643569C0 0000BA (v02 PmRef  Cpu0Hwp  00003000 INTL 20160422)
[    0.182720] ACPI: Dynamic OEM Table Load:
[    0.182723] ACPI: SSDT 0xFFFF94F264390000 000628 (v02 PmRef  HwpLvt   00003000 INTL 20160422)
[    0.184185] ACPI: Dynamic OEM Table Load:
[    0.184189] ACPI: SSDT 0xFFFF94F2642BA000 000D14 (v02 PmRef  ApIst    00003000 INTL 20160422)
[    0.185966] ACPI: Dynamic OEM Table Load:
[    0.185969] ACPI: SSDT 0xFFFF94F26439E400 000317 (v02 PmRef  ApHwp    00003000 INTL 20160422)
[    0.190844] ACPI: EC: EC started
[    0.190845] ACPI: EC: interrupt blocked
[    0.190860] ACPI: \_SB_.PCI0.LPCB.EC0_: Used as first EC
[    0.190861] ACPI: \_SB_.PCI0.LPCB.EC0_: GPE=0x16, EC_CMD/EC_SC=0x66, EC_DATA=0x62
[    0.190861] ACPI: \_SB_.PCI0.LPCB.EC0_: Boot DSDT EC used to handle transactions
[    0.190862] ACPI: Interpreter enabled
[    0.190894] ACPI: (supports S0 S3 S4 S5)
[    0.190895] ACPI: Using IOAPIC for interrupt routing
[    0.190924] PCI: Using host bridge windows from ACPI; if necessary, use "pci=nocrs" and report a bug
[    0.191950] ACPI: Enabled 7 GPEs in block 00 to 7F
[    0.194648] ACPI: Power Resource [PG00] (on)
[    0.194963] ACPI: Power Resource [PG01] (on)
[    0.195270] ACPI: Power Resource [PG02] (on)
[    0.217279] ACPI: Power Resource [FN00] (off)
[    0.217356] ACPI: Power Resource [FN01] (off)
[    0.217431] ACPI: Power Resource [FN02] (off)
[    0.217506] ACPI: Power Resource [FN03] (off)
[    0.217580] ACPI: Power Resource [FN04] (off)
[    0.219007] ACPI: PCI Root Bridge [PCI0] (domain 0000 [bus 00-3e])
[    0.219011] acpi PNP0A08:00: _OSC: OS supports [ExtendedConfig ASPM ClockPM Segments MSI HPX-Type3]
[    0.219200] acpi PNP0A08:00: _OSC: platform does not support [PCIeHotplug SHPCHotplug PME]
[    0.219378] acpi PNP0A08:00: _OSC: OS now controls [AER PCIeCapability LTR]
[    0.219378] acpi PNP0A08:00: FADT indicates ASPM is unsupported, using BIOS configuration
[    0.220336] PCI host bridge to bus 0000:00
[    0.220338] pci_bus 0000:00: root bus resource [io  0x0000-0x0cf7 window]
[    0.220338] pci_bus 0000:00: root bus resource [io  0x0d00-0xffff window]
[    0.220339] pci_bus 0000:00: root bus resource [mem 0x000a0000-0x000bffff window]
[    0.220340] pci_bus 0000:00: root bus resource [mem 0xc8000000-0xf7ffffff window]
[    0.220340] pci_bus 0000:00: root bus resource [mem 0xfd000000-0xfe7fffff window]
[    0.220341] pci_bus 0000:00: root bus resource [bus 00-3e]
[    0.220348] pci 0000:00:00.0: [8086:3ec2] type 00 class 0x060000
[    0.220649] pci 0000:00:01.0: [8086:1901] type 01 class 0x060400
[    0.220685] pci 0000:00:01.0: PME# supported from D0 D3hot D3cold
[    0.220912] pci 0000:00:14.0: [8086:a2af] type 00 class 0x0c0330
[    0.220931] pci 0000:00:14.0: reg 0x10: [mem 0xf7530000-0xf753ffff 64bit]
[    0.220986] pci 0000:00:14.0: PME# supported from D3hot D3cold
[    0.221191] pci 0000:00:16.0: [8086:a2ba] type 00 class 0x078000
[    0.221213] pci 0000:00:16.0: reg 0x10: [mem 0xf754d000-0xf754dfff 64bit]
[    0.221276] pci 0000:00:16.0: PME# supported from D3hot
[    0.221458] pci 0000:00:17.0: [8086:a282] type 00 class 0x010601
[    0.221473] pci 0000:00:17.0: reg 0x10: [mem 0xf7548000-0xf7549fff]
[    0.221481] pci 0000:00:17.0: reg 0x14: [mem 0xf754c000-0xf754c0ff]
[    0.221486] pci 0000:00:17.0: reg 0x18: [io  0xf050-0xf057]
[    0.221492] pci 0000:00:17.0: reg 0x1c: [io  0xf040-0xf043]
[    0.221497] pci 0000:00:17.0: reg 0x20: [io  0xf020-0xf03f]
[    0.221502] pci 0000:00:17.0: reg 0x24: [mem 0xf754b000-0xf754b7ff]
[    0.221536] pci 0000:00:17.0: PME# supported from D3hot
[    0.221668] pci 0000:00:1b.0: [8086:a2e7] type 01 class 0x060400
[    0.221734] pci 0000:00:1b.0: PME# supported from D0 D3hot D3cold
[    0.221909] pci 0000:00:1c.0: [8086:a290] type 01 class 0x060400
[    0.221963] pci 0000:00:1c.0: PME# supported from D0 D3hot D3cold
[    0.222116] pci 0000:00:1c.2: [8086:a292] type 01 class 0x060400
[    0.222174] pci 0000:00:1c.2: PME# supported from D0 D3hot D3cold
[    0.222333] pci 0000:00:1c.4: [8086:a294] type 01 class 0x060400
[    0.222392] pci 0000:00:1c.4: PME# supported from D0 D3hot D3cold
[    0.222549] pci 0000:00:1c.6: [8086:a296] type 01 class 0x060400
[    0.222608] pci 0000:00:1c.6: PME# supported from D0 D3hot D3cold
[    0.222764] pci 0000:00:1d.0: [8086:a298] type 01 class 0x060400
[    0.222824] pci 0000:00:1d.0: PME# supported from D0 D3hot D3cold
[    0.223003] pci 0000:00:1f.0: [8086:a2c9] type 00 class 0x060100
[    0.223216] pci 0000:00:1f.2: [8086:a2a1] type 00 class 0x058000
[    0.223229] pci 0000:00:1f.2: reg 0x10: [mem 0xf7544000-0xf7547fff]
[    0.223392] pci 0000:00:1f.3: [8086:a2f0] type 00 class 0x040300
[    0.223415] pci 0000:00:1f.3: reg 0x10: [mem 0xf7540000-0xf7543fff 64bit]
[    0.223443] pci 0000:00:1f.3: reg 0x20: [mem 0xf7520000-0xf752ffff 64bit]
[    0.223486] pci 0000:00:1f.3: PME# supported from D3hot D3cold
[    0.223705] pci 0000:00:1f.4: [8086:a2a3] type 00 class 0x0c0500
[    0.223764] pci 0000:00:1f.4: reg 0x10: [mem 0xf754a000-0xf754a0ff 64bit]
[    0.223833] pci 0000:00:1f.4: reg 0x20: [io  0xf000-0xf01f]
[    0.224032] pci 0000:00:1f.6: [8086:15b8] type 00 class 0x020000
[    0.224057] pci 0000:00:1f.6: reg 0x10: [mem 0xf7500000-0xf751ffff]
[    0.224156] pci 0000:00:1f.6: PME# supported from D0 D3hot D3cold
[    0.224311] pci 0000:01:00.0: [10de:1b80] type 00 class 0x030000
[    0.224328] pci 0000:01:00.0: reg 0x10: [mem 0xf6000000-0xf6ffffff]
[    0.224336] pci 0000:01:00.0: reg 0x14: [mem 0xe0000000-0xefffffff 64bit pref]
[    0.224344] pci 0000:01:00.0: reg 0x1c: [mem 0xf0000000-0xf1ffffff 64bit pref]
[    0.224350] pci 0000:01:00.0: reg 0x24: [io  0xe000-0xe07f]
[    0.224355] pci 0000:01:00.0: reg 0x30: [mem 0xf7000000-0xf707ffff pref]
[    0.224370] pci 0000:01:00.0: BAR 3: assigned to efifb
[    0.224424] pci 0000:01:00.0: 32.000 Gb/s available PCIe bandwidth, limited by 2.5 GT/s x16 link at 0000:00:01.0 (capable of 126.016 Gb/s with 8 GT/s x16 link)
[    0.224457] pci 0000:01:00.1: [10de:10f0] type 00 class 0x040300
[    0.224470] pci 0000:01:00.1: reg 0x10: [mem 0xf7080000-0xf7083fff]
[    0.224590] pci 0000:00:01.0: PCI bridge to [bus 01]
[    0.224591] pci 0000:00:01.0:   bridge window [io  0xe000-0xefff]
[    0.224592] pci 0000:00:01.0:   bridge window [mem 0xf6000000-0xf70fffff]
[    0.224594] pci 0000:00:01.0:   bridge window [mem 0xe0000000-0xf1ffffff 64bit pref]
[    0.224634] pci 0000:00:1b.0: PCI bridge to [bus 02]
[    0.224673] pci 0000:00:1c.0: PCI bridge to [bus 03]
[    0.224731] pci 0000:04:00.0: [10ec:b822] type 00 class 0x028000
[    0.224760] pci 0000:04:00.0: reg 0x10: [io  0xd000-0xd0ff]
[    0.224784] pci 0000:04:00.0: reg 0x18: [mem 0xf7400000-0xf740ffff 64bit]
[    0.224897] pci 0000:04:00.0: supports D1 D2
[    0.224898] pci 0000:04:00.0: PME# supported from D0 D1 D2 D3hot D3cold
[    0.224998] pci 0000:00:1c.2: PCI bridge to [bus 04]
[    0.225000] pci 0000:00:1c.2:   bridge window [io  0xd000-0xdfff]
[    0.225002] pci 0000:00:1c.2:   bridge window [mem 0xf7400000-0xf74fffff]
[    0.225048] pci 0000:05:00.0: [1b21:2142] type 00 class 0x0c0330
[    0.225072] pci 0000:05:00.0: reg 0x10: [mem 0xf7300000-0xf7307fff 64bit]
[    0.225114] pci 0000:05:00.0: enabling Extended Tags
[    0.225172] pci 0000:05:00.0: PME# supported from D0
[    0.225238] pci 0000:00:1c.4: PCI bridge to [bus 05]
[    0.225241] pci 0000:00:1c.4:   bridge window [mem 0xf7300000-0xf73fffff]
[    0.225291] pci 0000:06:00.0: [1b21:2142] type 00 class 0x0c0330
[    0.225315] pci 0000:06:00.0: reg 0x10: [mem 0xf7200000-0xf7207fff 64bit]
[    0.225356] pci 0000:06:00.0: enabling Extended Tags
[    0.225414] pci 0000:06:00.0: PME# supported from D0
[    0.225480] pci 0000:00:1c.6: PCI bridge to [bus 06]
[    0.225483] pci 0000:00:1c.6:   bridge window [mem 0xf7200000-0xf72fffff]
[    0.225528] pci 0000:07:00.0: [144d:a808] type 00 class 0x010802
[    0.225552] pci 0000:07:00.0: reg 0x10: [mem 0xf7100000-0xf7103fff 64bit]
[    0.225717] pci 0000:00:1d.0: PCI bridge to [bus 07]
[    0.225720] pci 0000:00:1d.0:   bridge window [mem 0xf7100000-0xf71fffff]
[    0.227135] ACPI: PCI Interrupt Link [LNKA] (IRQs 3 4 5 6 10 *11 12 14 15)
[    0.227185] ACPI: PCI Interrupt Link [LNKB] (IRQs 3 4 5 6 *10 11 12 14 15)
[    0.227232] ACPI: PCI Interrupt Link [LNKC] (IRQs 3 4 5 6 10 11 12 14 *15)
[    0.227280] ACPI: PCI Interrupt Link [LNKD] (IRQs 3 4 5 6 10 11 12 14 15) *0, disabled.
[    0.227327] ACPI: PCI Interrupt Link [LNKE] (IRQs 3 4 5 6 10 11 12 14 15) *0, disabled.
[    0.227374] ACPI: PCI Interrupt Link [LNKF] (IRQs 3 4 5 6 10 11 12 14 15) *0, disabled.
[    0.227421] ACPI: PCI Interrupt Link [LNKG] (IRQs 3 4 5 6 10 11 12 14 15) *0, disabled.
[    0.227468] ACPI: PCI Interrupt Link [LNKH] (IRQs 3 4 5 6 10 11 12 14 15) *0, disabled.
[    0.227944] ACPI: EC: interrupt unblocked
[    0.227944] ACPI: EC: event unblocked
[    0.227944] ACPI: \_SB_.PCI0.LPCB.EC0_: GPE=0x16, EC_CMD/EC_SC=0x66, EC_DATA=0x62
[    0.227944] ACPI: \_SB_.PCI0.LPCB.EC0_: Boot DSDT EC used to handle transactions and events
[    0.227945] SCSI subsystem initialized
[    0.227945] libata version 3.00 loaded.
[    0.227945] pci 0000:01:00.0: vgaarb: setting as boot VGA device
[    0.227945] pci 0000:01:00.0: vgaarb: VGA device added: decodes=io+mem,owns=io+mem,locks=none
[    0.227945] pci 0000:01:00.0: vgaarb: bridge control possible
[    0.227945] vgaarb: loaded
[    0.227945] ACPI: bus type USB registered
[    0.227945] usbcore: registered new interface driver usbfs
[    0.227945] usbcore: registered new interface driver hub
[    0.227945] usbcore: registered new device driver usb
[    0.227945] pps_core: LinuxPPS API ver. 1 registered
[    0.227945] pps_core: Software ver. 5.3.6 - Copyright 2005-2007 Rodolfo Giometti <giometti@linux.it>
[    0.227945] PTP clock support registered
[    0.227945] EDAC MC: Ver: 3.0.0
[    0.227945] Registered efivars operations
[    0.227945] PCI: Using ACPI for IRQ routing
[    0.230895] PCI: pci_cache_line_size set to 64 bytes
[    0.230950] e820: reserve RAM buffer [mem 0x00058000-0x0005ffff]
[    0.230951] e820: reserve RAM buffer [mem 0x0009f000-0x0009ffff]
[    0.230951] e820: reserve RAM buffer [mem 0xb72a2000-0xb7ffffff]
[    0.230952] e820: reserve RAM buffer [mem 0xb7690000-0xb7ffffff]
[    0.230952] e820: reserve RAM buffer [mem 0xc43a7000-0xc7ffffff]
[    0.230953] e820: reserve RAM buffer [mem 0xc5d90000-0xc7ffffff]
[    0.230954] e820: reserve RAM buffer [mem 0xc7800000-0xc7ffffff]
[    0.230954] e820: reserve RAM buffer [mem 0x437000000-0x437ffffff]
[    0.231023] NetLabel: Initializing
[    0.231023] NetLabel:  domain hash size = 128
[    0.231023] NetLabel:  protocols = UNLABELED CIPSOv4 CALIPSO
[    0.231032] NetLabel:  unlabeled traffic allowed by default
[    0.233067] hpet0: at MMIO 0xfed00000, IRQs 2, 8, 0, 0, 0, 0, 0, 0
[    0.233069] hpet0: 8 comparators, 64-bit 24.000000 MHz counter
[    0.236668] clocksource: Switched to clocksource tsc-early
[    0.244118] VFS: Disk quotas dquot_6.6.0
[    0.244129] VFS: Dquot-cache hash table entries: 512 (order 0, 4096 bytes)
[    0.244146] *** VALIDATE hugetlbfs ***
[    0.244199] AppArmor: AppArmor Filesystem Enabled
[    0.244214] pnp: PnP ACPI init
[    0.244420] system 00:00: [io  0x0290-0x029f] has been reserved
[    0.244423] system 00:00: Plug and Play ACPI device, IDs PNP0c02 (active)
[    0.244707] pnp 00:01: [dma 0 disabled]
[    0.244735] pnp 00:01: Plug and Play ACPI device, IDs PNP0501 (active)
[    0.244934] system 00:02: [io  0x0680-0x069f] has been reserved
[    0.244935] system 00:02: [io  0xffff] has been reserved
[    0.244936] system 00:02: [io  0xffff] has been reserved
[    0.244937] system 00:02: [io  0xffff] has been reserved
[    0.244937] system 00:02: [io  0x1800-0x18fe] has been reserved
[    0.244938] system 00:02: [io  0x164e-0x164f] has been reserved
[    0.244940] system 00:02: Plug and Play ACPI device, IDs PNP0c02 (active)
[    0.245015] system 00:03: [io  0x0800-0x087f] has been reserved
[    0.245017] system 00:03: Plug and Play ACPI device, IDs PNP0c02 (active)
[    0.245029] pnp 00:04: Plug and Play ACPI device, IDs PNP0b00 (active)
[    0.245057] system 00:05: [io  0x1854-0x1857] has been reserved
[    0.245059] system 00:05: Plug and Play ACPI device, IDs INT3f0d PNP0c02 (active)
[    0.245265] system 00:06: [mem 0xfed10000-0xfed17fff] has been reserved
[    0.245266] system 00:06: [mem 0xfed18000-0xfed18fff] has been reserved
[    0.245267] system 00:06: [mem 0xfed19000-0xfed19fff] has been reserved
[    0.245268] system 00:06: [mem 0xf8000000-0xfbffffff] has been reserved
[    0.245269] system 00:06: [mem 0xfed20000-0xfed3ffff] has been reserved
[    0.245269] system 00:06: [mem 0xfed90000-0xfed93fff] has been reserved
[    0.245270] system 00:06: [mem 0xfed45000-0xfed8ffff] has been reserved
[    0.245271] system 00:06: [mem 0xff000000-0xffffffff] has been reserved
[    0.245272] system 00:06: [mem 0xfee00000-0xfeefffff] could not be reserved
[    0.245273] system 00:06: [mem 0xf7fe0000-0xf7ffffff] has been reserved
[    0.245275] system 00:06: Plug and Play ACPI device, IDs PNP0c02 (active)
[    0.245308] system 00:07: [mem 0xfd000000-0xfdabffff] has been reserved
[    0.245309] system 00:07: [mem 0xfdad0000-0xfdadffff] has been reserved
[    0.245310] system 00:07: [mem 0xfdac0000-0xfdacffff] has been reserved
[    0.245311] system 00:07: [mem 0xfdae0000-0xfdaeffff] has been reserved
[    0.245311] system 00:07: [mem 0xfdaf0000-0xfdafffff] has been reserved
[    0.245312] system 00:07: [mem 0xfdb00000-0xfdffffff] has been reserved
[    0.245313] system 00:07: [mem 0xfe000000-0xfe01ffff] could not be reserved
[    0.245314] system 00:07: [mem 0xfe036000-0xfe03bfff] has been reserved
[    0.245314] system 00:07: [mem 0xfe03d000-0xfe3fffff] has been reserved
[    0.245315] system 00:07: [mem 0xfe410000-0xfe7fffff] has been reserved
[    0.245317] system 00:07: Plug and Play ACPI device, IDs PNP0c02 (active)
[    0.245582] system 00:08: [io  0xfe00-0xfefe] has been reserved
[    0.245584] system 00:08: Plug and Play ACPI device, IDs PNP0c02 (active)
[    0.246671] system 00:09: [mem 0xfdaf0000-0xfdafffff] has been reserved
[    0.246672] system 00:09: [mem 0xfdae0000-0xfdaeffff] has been reserved
[    0.246673] system 00:09: [mem 0xfdac0000-0xfdacffff] has been reserved
[    0.246675] system 00:09: Plug and Play ACPI device, IDs PNP0c02 (active)
[    0.247479] pnp: PnP ACPI: found 10 devices
[    0.248245] thermal_sys: Registered thermal governor 'fair_share'
[    0.248246] thermal_sys: Registered thermal governor 'bang_bang'
[    0.248246] thermal_sys: Registered thermal governor 'step_wise'
[    0.248246] thermal_sys: Registered thermal governor 'user_space'
[    0.248247] thermal_sys: Registered thermal governor 'power_allocator'
[    0.252733] clocksource: acpi_pm: mask: 0xffffff max_cycles: 0xffffff, max_idle_ns: 2085701024 ns
[    0.252754] pci 0000:00:1b.0: bridge window [io  0x1000-0x0fff] to [bus 02] add_size 1000
[    0.252756] pci 0000:00:1b.0: bridge window [mem 0x00100000-0x000fffff 64bit pref] to [bus 02] add_size 200000 add_align 100000
[    0.252756] pci 0000:00:1b.0: bridge window [mem 0x00100000-0x000fffff] to [bus 02] add_size 200000 add_align 100000
[    0.252757] pci 0000:00:1c.0: bridge window [io  0x1000-0x0fff] to [bus 03] add_size 1000
[    0.252758] pci 0000:00:1c.0: bridge window [mem 0x00100000-0x000fffff 64bit pref] to [bus 03] add_size 200000 add_align 100000
[    0.252759] pci 0000:00:1c.0: bridge window [mem 0x00100000-0x000fffff] to [bus 03] add_size 200000 add_align 100000
[    0.252764] pci 0000:00:1b.0: BAR 14: assigned [mem 0xc8000000-0xc81fffff]
[    0.252766] pci 0000:00:1b.0: BAR 15: assigned [mem 0xc8200000-0xc83fffff 64bit pref]
[    0.252767] pci 0000:00:1c.0: BAR 14: assigned [mem 0xc8400000-0xc85fffff]
[    0.252769] pci 0000:00:1c.0: BAR 15: assigned [mem 0xc8600000-0xc87fffff 64bit pref]
[    0.252770] pci 0000:00:1b.0: BAR 13: assigned [io  0x2000-0x2fff]
[    0.252771] pci 0000:00:1c.0: BAR 13: assigned [io  0x3000-0x3fff]
[    0.252773] pci 0000:00:01.0: PCI bridge to [bus 01]
[    0.252774] pci 0000:00:01.0:   bridge window [io  0xe000-0xefff]
[    0.252776] pci 0000:00:01.0:   bridge window [mem 0xf6000000-0xf70fffff]
[    0.252777] pci 0000:00:01.0:   bridge window [mem 0xe0000000-0xf1ffffff 64bit pref]
[    0.252779] pci 0000:00:1b.0: PCI bridge to [bus 02]
[    0.252782] pci 0000:00:1b.0:   bridge window [io  0x2000-0x2fff]
[    0.252784] pci 0000:00:1b.0:   bridge window [mem 0xc8000000-0xc81fffff]
[    0.252786] pci 0000:00:1b.0:   bridge window [mem 0xc8200000-0xc83fffff 64bit pref]
[    0.252790] pci 0000:00:1c.0: PCI bridge to [bus 03]
[    0.252791] pci 0000:00:1c.0:   bridge window [io  0x3000-0x3fff]
[    0.252793] pci 0000:00:1c.0:   bridge window [mem 0xc8400000-0xc85fffff]
[    0.252795] pci 0000:00:1c.0:   bridge window [mem 0xc8600000-0xc87fffff 64bit pref]
[    0.252798] pci 0000:00:1c.2: PCI bridge to [bus 04]
[    0.252799] pci 0000:00:1c.2:   bridge window [io  0xd000-0xdfff]
[    0.252801] pci 0000:00:1c.2:   bridge window [mem 0xf7400000-0xf74fffff]
[    0.252805] pci 0000:00:1c.4: PCI bridge to [bus 05]
[    0.252807] pci 0000:00:1c.4:   bridge window [mem 0xf7300000-0xf73fffff]
[    0.252811] pci 0000:00:1c.6: PCI bridge to [bus 06]
[    0.252814] pci 0000:00:1c.6:   bridge window [mem 0xf7200000-0xf72fffff]
[    0.252818] pci 0000:00:1d.0: PCI bridge to [bus 07]
[    0.252820] pci 0000:00:1d.0:   bridge window [mem 0xf7100000-0xf71fffff]
[    0.252824] pci_bus 0000:00: resource 4 [io  0x0000-0x0cf7 window]
[    0.252825] pci_bus 0000:00: resource 5 [io  0x0d00-0xffff window]
[    0.252826] pci_bus 0000:00: resource 6 [mem 0x000a0000-0x000bffff window]
[    0.252826] pci_bus 0000:00: resource 7 [mem 0xc8000000-0xf7ffffff window]
[    0.252827] pci_bus 0000:00: resource 8 [mem 0xfd000000-0xfe7fffff window]
[    0.252828] pci_bus 0000:01: resource 0 [io  0xe000-0xefff]
[    0.252828] pci_bus 0000:01: resource 1 [mem 0xf6000000-0xf70fffff]
[    0.252829] pci_bus 0000:01: resource 2 [mem 0xe0000000-0xf1ffffff 64bit pref]
[    0.252829] pci_bus 0000:02: resource 0 [io  0x2000-0x2fff]
[    0.252830] pci_bus 0000:02: resource 1 [mem 0xc8000000-0xc81fffff]
[    0.252831] pci_bus 0000:02: resource 2 [mem 0xc8200000-0xc83fffff 64bit pref]
[    0.252831] pci_bus 0000:03: resource 0 [io  0x3000-0x3fff]
[    0.252832] pci_bus 0000:03: resource 1 [mem 0xc8400000-0xc85fffff]
[    0.252832] pci_bus 0000:03: resource 2 [mem 0xc8600000-0xc87fffff 64bit pref]
[    0.252833] pci_bus 0000:04: resource 0 [io  0xd000-0xdfff]
[    0.252834] pci_bus 0000:04: resource 1 [mem 0xf7400000-0xf74fffff]
[    0.252834] pci_bus 0000:05: resource 1 [mem 0xf7300000-0xf73fffff]
[    0.252835] pci_bus 0000:06: resource 1 [mem 0xf7200000-0xf72fffff]
[    0.252836] pci_bus 0000:07: resource 1 [mem 0xf7100000-0xf71fffff]
[    0.252962] NET: Registered protocol family 2
[    0.253051] tcp_listen_portaddr_hash hash table entries: 8192 (order: 5, 131072 bytes, linear)
[    0.253106] TCP established hash table entries: 131072 (order: 8, 1048576 bytes, linear)
[    0.253233] TCP bind hash table entries: 65536 (order: 8, 1048576 bytes, linear)
[    0.253288] TCP: Hash tables configured (established 131072 bind 65536)
[    0.253320] UDP hash table entries: 8192 (order: 6, 262144 bytes, linear)
[    0.253349] UDP-Lite hash table entries: 8192 (order: 6, 262144 bytes, linear)
[    0.253413] NET: Registered protocol family 1
[    0.253416] NET: Registered protocol family 44
[    0.253604] pci 0000:01:00.0: Video device with shadowed ROM at [mem 0x000c0000-0x000dffff]
[    0.253612] pci 0000:01:00.1: D0 power state depends on 0000:01:00.0
[    0.253908] PCI: CLS 64 bytes, default 64
[    0.253929] Trying to unpack rootfs image as initramfs...
[    0.637202] Freeing initrd memory: 40476K
[    0.637219] PCI-DMA: Using software bounce buffering for IO (SWIOTLB)
[    0.637220] software IO TLB: mapped [mem 0xb32a2000-0xb72a2000] (64MB)
[    0.637473] check: Scanning for low memory corruption every 60 seconds
[    0.638464] Initialise system trusted keyrings
[    0.638468] Key type blacklist registered
[    0.638486] workingset: timestamp_bits=36 max_order=22 bucket_order=0
[    0.639302] zbud: loaded
[    0.639534] squashfs: version 4.0 (2009/01/31) Phillip Lougher
[    0.639626] fuse: init (API version 7.31)
[    0.639690] Platform Keyring initialized
[    0.642468] Key type asymmetric registered
[    0.642468] Asymmetric key parser 'x509' registered
[    0.642473] Block layer SCSI generic (bsg) driver version 0.4 loaded (major 244)
[    0.642500] io scheduler mq-deadline registered
[    0.643065] pcieport 0000:00:1c.2: AER: enabled with IRQ 123
[    0.643146] pcieport 0000:00:1c.4: AER: enabled with IRQ 124
[    0.643229] pcieport 0000:00:1c.6: AER: enabled with IRQ 125
[    0.643362] pcieport 0000:00:1d.0: AER: enabled with IRQ 126
[    0.643404] shpchp: Standard Hot Plug PCI Controller Driver version: 0.4
[    0.643440] efifb: probing for efifb
[    0.643448] efifb: showing boot graphics
[    0.644487] efifb: framebuffer at 0xf1000000, using 3072k, total 3072k
[    0.644488] efifb: mode is 1024x768x32, linelength=4096, pages=1
[    0.644488] efifb: scrolling: redraw
[    0.644489] efifb: Truecolor: size=8:8:8:8, shift=24:16:8:0
[    0.644510] fbcon: Deferring console take-over
[    0.644511] fb0: EFI VGA frame buffer device
[    0.644515] intel_idle: MWAIT substates: 0x11142120
[    0.644516] intel_idle: v0.4.1 model 0x9E
[    0.644925] intel_idle: lapic_timer_reliable_states 0xffffffff
[    0.645042] input: Sleep Button as /devices/LNXSYSTM:00/LNXSYBUS:00/PNP0C0E:00/input/input0
[    0.645047] ACPI: Sleep Button [SLPB]
[    0.645065] input: Power Button as /devices/LNXSYSTM:00/LNXSYBUS:00/PNP0C0C:00/input/input1
[    0.645068] ACPI: Power Button [PWRB]
[    0.645085] input: Power Button as /devices/LNXSYSTM:00/LNXPWRBN:00/input/input2
[    0.645092] ACPI: Power Button [PWRF]
[    0.646792] thermal LNXTHERM:00: registered as thermal_zone0
[    0.646793] ACPI: Thermal Zone [TZ00] (28 C)
[    0.646921] thermal LNXTHERM:01: registered as thermal_zone1
[    0.646921] ACPI: Thermal Zone [TZ01] (30 C)
[    0.647060] Serial: 8250/16550 driver, 32 ports, IRQ sharing enabled
[    0.667851] 00:01: ttyS0 at I/O 0x3f8 (irq = 4, base_baud = 115200) is a 16550A
[    0.669006] Linux agpgart interface v0.103
[    0.670984] loop: module loaded
[    0.671092] libphy: Fixed MDIO Bus: probed
[    0.671092] tun: Universal TUN/TAP device driver, 1.6
[    0.671107] PPP generic driver version 2.4.2
[    0.671126] ehci_hcd: USB 2.0 'Enhanced' Host Controller (EHCI) Driver
[    0.671130] ehci-pci: EHCI PCI platform driver
[    0.671135] ehci-platform: EHCI generic platform driver
[    0.671141] ohci_hcd: USB 1.1 'Open' Host Controller (OHCI) Driver
[    0.671142] ohci-pci: OHCI PCI platform driver
[    0.671147] ohci-platform: OHCI generic platform driver
[    0.671150] uhci_hcd: USB Universal Host Controller Interface driver
[    0.671241] xhci_hcd 0000:00:14.0: xHCI Host Controller
[    0.671244] xhci_hcd 0000:00:14.0: new USB bus registered, assigned bus number 1
[    0.672293] xhci_hcd 0000:00:14.0: hcc params 0x200077c1 hci version 0x100 quirks 0x0000000000009810
[    0.672297] xhci_hcd 0000:00:14.0: cache line size of 64 is not supported
[    0.672419] usb usb1: New USB device found, idVendor=1d6b, idProduct=0002, bcdDevice= 5.03
[    0.672420] usb usb1: New USB device strings: Mfr=3, Product=2, SerialNumber=1
[    0.672421] usb usb1: Product: xHCI Host Controller
[    0.672421] usb usb1: Manufacturer: Linux 5.3.0-40-generic xhci-hcd
[    0.672422] usb usb1: SerialNumber: 0000:00:14.0
[    0.672476] hub 1-0:1.0: USB hub found
[    0.672489] hub 1-0:1.0: 16 ports detected
[    0.673992] xhci_hcd 0000:00:14.0: xHCI Host Controller
[    0.673994] xhci_hcd 0000:00:14.0: new USB bus registered, assigned bus number 2
[    0.673996] xhci_hcd 0000:00:14.0: Host supports USB 3.0 SuperSpeed
[    0.674016] usb usb2: New USB device found, idVendor=1d6b, idProduct=0003, bcdDevice= 5.03
[    0.674017] usb usb2: New USB device strings: Mfr=3, Product=2, SerialNumber=1
[    0.674017] usb usb2: Product: xHCI Host Controller
[    0.674018] usb usb2: Manufacturer: Linux 5.3.0-40-generic xhci-hcd
[    0.674019] usb usb2: SerialNumber: 0000:00:14.0
[    0.674095] hub 2-0:1.0: USB hub found
[    0.674105] hub 2-0:1.0: 10 ports detected
[    0.675137] xhci_hcd 0000:05:00.0: xHCI Host Controller
[    0.675140] xhci_hcd 0000:05:00.0: new USB bus registered, assigned bus number 3
[    0.729870] xhci_hcd 0000:05:00.0: hcc params 0x0200ef81 hci version 0x110 quirks 0x0000000000000010
[    0.730031] usb usb3: New USB device found, idVendor=1d6b, idProduct=0002, bcdDevice= 5.03
[    0.730032] usb usb3: New USB device strings: Mfr=3, Product=2, SerialNumber=1
[    0.730032] usb usb3: Product: xHCI Host Controller
[    0.730033] usb usb3: Manufacturer: Linux 5.3.0-40-generic xhci-hcd
[    0.730034] usb usb3: SerialNumber: 0000:05:00.0
[    0.730108] hub 3-0:1.0: USB hub found
[    0.730112] hub 3-0:1.0: 2 ports detected
[    0.730171] xhci_hcd 0000:05:00.0: xHCI Host Controller
[    0.730172] xhci_hcd 0000:05:00.0: new USB bus registered, assigned bus number 4
[    0.730174] xhci_hcd 0000:05:00.0: Host supports USB 3.1 Enhanced SuperSpeed
[    0.730196] usb usb4: We don't know the algorithms for LPM for this host, disabling LPM.
[    0.730206] usb usb4: New USB device found, idVendor=1d6b, idProduct=0003, bcdDevice= 5.03
[    0.730207] usb usb4: New USB device strings: Mfr=3, Product=2, SerialNumber=1
[    0.730207] usb usb4: Product: xHCI Host Controller
[    0.730208] usb usb4: Manufacturer: Linux 5.3.0-40-generic xhci-hcd
[    0.730209] usb usb4: SerialNumber: 0000:05:00.0
[    0.730278] hub 4-0:1.0: USB hub found
[    0.730283] hub 4-0:1.0: 2 ports detected
[    0.730376] xhci_hcd 0000:06:00.0: xHCI Host Controller
[    0.730379] xhci_hcd 0000:06:00.0: new USB bus registered, assigned bus number 5
[    0.730440] pcieport 0000:00:1c.6: AER: Corrected error received: 0000:00:1c.6
[    0.730445] pcieport 0000:00:1c.6: AER: PCIe Bus Error: severity=Corrected, type=Physical Layer, (Receiver ID)
[    0.730447] pcieport 0000:00:1c.6: AER:   device [8086:a296] error status/mask=00000001/00002000
[    0.730448] pcieport 0000:00:1c.6: AER:    [ 0] RxErr                 
[    0.785108] xhci_hcd 0000:06:00.0: hcc params 0x0200ef81 hci version 0x110 quirks 0x0000000000000010
[    0.785260] usb usb5: New USB device found, idVendor=1d6b, idProduct=0002, bcdDevice= 5.03
[    0.785261] usb usb5: New USB device strings: Mfr=3, Product=2, SerialNumber=1
[    0.785261] usb usb5: Product: xHCI Host Controller
[    0.785262] usb usb5: Manufacturer: Linux 5.3.0-40-generic xhci-hcd
[    0.785262] usb usb5: SerialNumber: 0000:06:00.0
[    0.785312] hub 5-0:1.0: USB hub found
[    0.785317] hub 5-0:1.0: 2 ports detected
[    0.785427] xhci_hcd 0000:06:00.0: xHCI Host Controller
[    0.785428] xhci_hcd 0000:06:00.0: new USB bus registered, assigned bus number 6
[    0.785430] xhci_hcd 0000:06:00.0: Host supports USB 3.1 Enhanced SuperSpeed
[    0.785453] usb usb6: We don't know the algorithms for LPM for this host, disabling LPM.
[    0.785463] usb usb6: New USB device found, idVendor=1d6b, idProduct=0003, bcdDevice= 5.03
[    0.785463] usb usb6: New USB device strings: Mfr=3, Product=2, SerialNumber=1
[    0.785464] usb usb6: Product: xHCI Host Controller
[    0.785465] usb usb6: Manufacturer: Linux 5.3.0-40-generic xhci-hcd
[    0.785465] usb usb6: SerialNumber: 0000:06:00.0
[    0.785507] hub 6-0:1.0: USB hub found
[    0.785511] hub 6-0:1.0: 2 ports detected
[    0.785573] usb: port power management may be unreliable
[    0.785620] i8042: PNP: No PS/2 controller found.
[    0.785720] mousedev: PS/2 mouse device common for all mice
[    0.785935] rtc_cmos 00:04: RTC can wake from S4
[    0.786393] rtc_cmos 00:04: registered as rtc0
[    0.786401] rtc_cmos 00:04: alarms up to one month, y3k, 242 bytes nvram, hpet irqs
[    0.786406] i2c /dev entries driver
[    0.786427] device-mapper: uevent: version 1.0.3
[    0.786491] device-mapper: ioctl: 4.40.0-ioctl (2019-01-18) initialised: dm-devel@redhat.com
[    0.786501] platform eisa.0: Probing EISA bus 0
[    0.786502] platform eisa.0: EISA: Cannot allocate resource for mainboard
[    0.786503] platform eisa.0: Cannot allocate resource for EISA slot 1
[    0.786504] platform eisa.0: Cannot allocate resource for EISA slot 2
[    0.786504] platform eisa.0: Cannot allocate resource for EISA slot 3
[    0.786505] platform eisa.0: Cannot allocate resource for EISA slot 4
[    0.786505] platform eisa.0: Cannot allocate resource for EISA slot 5
[    0.786506] platform eisa.0: Cannot allocate resource for EISA slot 6
[    0.786506] platform eisa.0: Cannot allocate resource for EISA slot 7
[    0.786507] platform eisa.0: Cannot allocate resource for EISA slot 8
[    0.786507] platform eisa.0: EISA: Detected 0 cards
[    0.786509] intel_pstate: Intel P-state driver initializing
[    0.787318] intel_pstate: HWP enabled
[    0.787557] ledtrig-cpu: registered to indicate activity on CPUs
[    0.787558] EFI Variables Facility v0.08 2004-May-17
[    0.829163] resource sanity check: requesting [mem 0xfdffe800-0xfe0007ff], which spans more than pnp 00:07 [mem 0xfdb00000-0xfdffffff]
[    0.829165] caller pmc_core_probe+0x8e/0x2e0 mapping multiple BARs
[    0.829173] intel_pmc_core INT33A1:00:  initialized
[    0.829289] NET: Registered protocol family 10
[    0.832712] Segment Routing with IPv6
[    0.832724] NET: Registered protocol family 17
[    0.832801] Key type dns_resolver registered
[    0.833408] RAS: Correctable Errors collector initialized.
[    0.833449] microcode: sig=0x906ea, pf=0x2, revision=0xca
[    0.833759] microcode: Microcode Update Driver: v2.2.
[    0.833764] sched_clock: Marking stable (833441325, 316652)->(865246161, -31488184)
[    0.834053] registered taskstats version 1
[    0.834058] Loading compiled-in X.509 certificates
[    0.835036] Loaded X.509 cert 'Build time autogenerated kernel key: 74450e61645c9a9154c851fa91ae86f8d0551b73'
[    0.835057] zswap: loaded using pool lzo/zbud
[    0.838391] Key type big_key registered
[    0.840146] Key type encrypted registered
[    0.840148] AppArmor: AppArmor sha1 policy hashing enabled
[    0.841284] integrity: Loading X.509 certificate: UEFI:db
[    0.842232] integrity: Loaded X.509 cert 'ASUSTeK MotherBoard SW Key Certificate: da83b990422ebc8c441f8d8b039a65a2'
[    0.842232] integrity: Loading X.509 certificate: UEFI:db
[    0.842332] integrity: Loaded X.509 cert 'ASUSTeK Notebook SW Key Certificate: b8e581e4df77a5bb4282d5ccfc00c071'
[    0.842333] integrity: Loading X.509 certificate: UEFI:db
[    0.842344] integrity: Loaded X.509 cert 'Microsoft Corporation UEFI CA 2011: 13adbf4309bd82709c8cd54f316ed522988a1bd4'
[    0.842344] integrity: Loading X.509 certificate: UEFI:db
[    0.842353] integrity: Loaded X.509 cert 'Microsoft Windows Production PCA 2011: a92902398e16c49778cd90f99e4f9ae17c55af53'
[    0.842353] integrity: Loading X.509 certificate: UEFI:db
[    0.842453] integrity: Loaded X.509 cert 'Canonical Ltd. Master Certificate Authority: ad91990bc22ab1f517048c23b6655a268e345a63'
[    0.843850] ima: No TPM chip found, activating TPM-bypass!
[    0.843852] ima: Allocated hash algorithm: sha1
[    0.843855] No architecture policies found
[    0.843861] evm: Initialising EVM extended attributes:
[    0.843861] evm: security.selinux
[    0.843861] evm: security.SMACK64
[    0.843861] evm: security.SMACK64EXEC
[    0.843862] evm: security.SMACK64TRANSMUTE
[    0.843862] evm: security.SMACK64MMAP
[    0.843862] evm: security.apparmor
[    0.843862] evm: security.ima
[    0.843862] evm: security.capability
[    0.843863] evm: HMAC attrs: 0x1
[    0.844718] PM:   Magic number: 8:617:20
[    0.844768] memory memory60: hash matches
[    0.844920] rtc_cmos 00:04: setting system clock to 2020-02-23T09:01:06 UTC (1582448466)
[    0.845674] Freeing unused decrypted memory: 2040K
[    0.845953] Freeing unused kernel image memory: 2660K
[    0.936843] Write protecting the kernel read-only data: 22528k
[    0.937321] Freeing unused kernel image memory: 2008K
[    0.937439] Freeing unused kernel image memory: 1480K
[    0.941964] x86/mm: Checked W+X mappings: passed, no W+X pages found.
[    0.941964] x86/mm: Checking user space page tables
[    0.946405] x86/mm: Checked W+X mappings: passed, no W+X pages found.
[    0.946406] Run /init as init process
[    0.996378] ahci 0000:00:17.0: version 3.0
[    0.996569] ahci 0000:00:17.0: AHCI 0001.0301 32 slots 6 ports 6 Gbps 0x3f impl SATA mode
[    0.996571] ahci 0000:00:17.0: flags: 64bit ncq sntf led clo only pio slum part ems deso sadm sds apst 
[    0.997835] nvme nvme0: pci function 0000:07:00.0
[    0.997852] e1000e: Intel(R) PRO/1000 Network Driver - 3.2.6-k
[    0.997852] e1000e: Copyright(c) 1999 - 2015 Intel Corporation.
[    0.998017] e1000e 0000:00:1f.6: Interrupt Throttling Rate (ints/sec) set to dynamic conservative mode
[    1.012684] usb 1-5: new full-speed USB device number 2 using xhci_hcd
[    1.165606] usb 1-5: New USB device found, idVendor=093a, idProduct=2532, bcdDevice= 1.00
[    1.165607] usb 1-5: New USB device strings: Mfr=1, Product=2, SerialNumber=0
[    1.165607] usb 1-5: Product: Gaming Mouse
[    1.165608] usb 1-5: Manufacturer: PixArt
[    1.213612] nvme nvme0: missing or invalid SUBNQN field.
[    1.213626] nvme nvme0: Shutdown timeout set to 8 seconds
[    1.229369] nvme nvme0: 12/0/0 default/read/poll queues
[    1.234087]  nvme0n1: p1 p2 p3 p4 p5
[    1.251539] e1000e 0000:00:1f.6 0000:00:1f.6 (uninitialized): registered PHC clock
[    1.292702] usb 1-6: new low-speed USB device number 3 using xhci_hcd
[    1.309203] scsi host0: ahci
[    1.309353] scsi host1: ahci
[    1.309491] scsi host2: ahci
[    1.309625] scsi host3: ahci
[    1.309754] scsi host4: ahci
[    1.309859] scsi host5: ahci
[    1.309886] ata1: SATA max UDMA/133 abar m2048@0xf754b000 port 0xf754b100 irq 144
[    1.309887] ata2: SATA max UDMA/133 abar m2048@0xf754b000 port 0xf754b180 irq 144
[    1.309888] ata3: SATA max UDMA/133 abar m2048@0xf754b000 port 0xf754b200 irq 144
[    1.309889] ata4: SATA max UDMA/133 abar m2048@0xf754b000 port 0xf754b280 irq 144
[    1.309890] ata5: SATA max UDMA/133 abar m2048@0xf754b000 port 0xf754b300 irq 144
[    1.309891] ata6: SATA max UDMA/133 abar m2048@0xf754b000 port 0xf754b380 irq 144
[    1.319627] e1000e 0000:00:1f.6 eth0: (PCI Express:2.5GT/s:Width x1) 4c:ed:fb:c8:73:f8
[    1.319627] e1000e 0000:00:1f.6 eth0: Intel(R) PRO/1000 Network Connection
[    1.319680] e1000e 0000:00:1f.6 eth0: MAC: 12, PHY: 12, PBA No: FFFFFF-0FF
[    1.320177] e1000e 0000:00:1f.6 enp0s31f6: renamed from eth0
[    1.447814] usb 1-6: New USB device found, idVendor=258a, idProduct=1006, bcdDevice= 1.00
[    1.447814] usb 1-6: New USB device strings: Mfr=1, Product=2, SerialNumber=0
[    1.447815] usb 1-6: Product: USB KEYBOARD
[    1.447815] usb 1-6: Manufacturer: SINO WEALTH
[    1.576804] usb 1-7: new full-speed USB device number 4 using xhci_hcd
[    1.624920] ata5: SATA link down (SStatus 4 SControl 300)
[    1.624949] ata1: SATA link down (SStatus 4 SControl 300)
[    1.624961] ata2: SATA link down (SStatus 4 SControl 300)
[    1.624973] ata4: SATA link down (SStatus 4 SControl 300)
[    1.624984] ata6: SATA link down (SStatus 4 SControl 300)
[    1.624996] ata3: SATA link down (SStatus 4 SControl 300)
[    1.652815] tsc: Refined TSC clocksource calibration: 3696.000 MHz
[    1.652819] clocksource: tsc: mask: 0xffffffffffffffff max_cycles: 0x6a8d280fdb9, max_idle_ns: 881591151302 ns
[    1.652866] clocksource: Switched to clocksource tsc
[    1.725337] usb 1-7: config 1 interface 1 altsetting 0 endpoint 0x3 has wMaxPacketSize 0, skipping
[    1.725338] usb 1-7: config 1 interface 1 altsetting 0 endpoint 0x83 has wMaxPacketSize 0, skipping
[    1.725761] usb 1-7: New USB device found, idVendor=0b05, idProduct=185c, bcdDevice= 1.10
[    1.725762] usb 1-7: New USB device strings: Mfr=1, Product=2, SerialNumber=3
[    1.725762] usb 1-7: Product: Bluetooth Radio 
[    1.725763] usb 1-7: Manufacturer: Realtek 
[    1.725763] usb 1-7: SerialNumber: 00e04c000001
[    1.852771] usb 1-8: new full-speed USB device number 5 using xhci_hcd
[    2.002629] usb 1-8: New USB device found, idVendor=0b05, idProduct=1872, bcdDevice= 2.00
[    2.002630] usb 1-8: New USB device strings: Mfr=1, Product=2, SerialNumber=3
[    2.002631] usb 1-8: Product: AURA LED Controller
[    2.002631] usb 1-8: Manufacturer: AsusTek Computer Inc.
[    2.002632] usb 1-8: SerialNumber: 00000000001A
[    2.128770] usb 1-12: new full-speed USB device number 6 using xhci_hcd
[    2.278007] usb 1-12: New USB device found, idVendor=1e71, idProduct=1714, bcdDevice= 2.00
[    2.278008] usb 1-12: New USB device strings: Mfr=1, Product=2, SerialNumber=3
[    2.278008] usb 1-12: Product: NZXT USB Device
[    2.278009] usb 1-12: Manufacturer: NZXT.-Inc.
[    2.278009] usb 1-12: SerialNumber: 5D832F3D3537
[    2.281410] hidraw: raw HID events driver (C) Jiri Kosina
[    2.293545] usbcore: registered new interface driver usbhid
[    2.293546] usbhid: USB HID core driver
[    2.294770] input: PixArt Gaming Mouse as /devices/pci0000:00/0000:00:14.0/usb1/1-5/1-5:1.0/0003:093A:2532.0001/input/input3
[    2.294816] hid-generic 0003:093A:2532.0001: input,hidraw0: USB HID v1.11 Mouse [PixArt Gaming Mouse] on usb-0000:00:14.0-5/input0
[    2.294906] input: PixArt Gaming Mouse Keyboard as /devices/pci0000:00/0000:00:14.0/usb1/1-5/1-5:1.1/0003:093A:2532.0002/input/input5
[    2.352813] input: PixArt Gaming Mouse Consumer Control as /devices/pci0000:00/0000:00:14.0/usb1/1-5/1-5:1.1/0003:093A:2532.0002/input/input6
[    2.352859] hid-generic 0003:093A:2532.0002: input,hiddev0,hidraw1: USB HID v1.11 Keyboard [PixArt Gaming Mouse] on usb-0000:00:14.0-5/input1
[    2.352917] input: SINO WEALTH USB KEYBOARD as /devices/pci0000:00/0000:00:14.0/usb1/1-6/1-6:1.0/0003:258A:1006.0003/input/input7
[    2.412808] hid-generic 0003:258A:1006.0003: input,hidraw2: USB HID v1.10 Keyboard [SINO WEALTH USB KEYBOARD] on usb-0000:00:14.0-6/input0
[    2.412907] input: SINO WEALTH USB KEYBOARD System Control as /devices/pci0000:00/0000:00:14.0/usb1/1-6/1-6:1.1/0003:258A:1006.0004/input/input8
[    2.472807] input: SINO WEALTH USB KEYBOARD Consumer Control as /devices/pci0000:00/0000:00:14.0/usb1/1-6/1-6:1.1/0003:258A:1006.0004/input/input9
[    2.472834] input: SINO WEALTH USB KEYBOARD Keyboard as /devices/pci0000:00/0000:00:14.0/usb1/1-6/1-6:1.1/0003:258A:1006.0004/input/input11
[    2.472875] hid-generic 0003:258A:1006.0004: input,hiddev1,hidraw3: USB HID v1.10 Keyboard [SINO WEALTH USB KEYBOARD] on usb-0000:00:14.0-6/input1
[    2.472928] hid-generic 0003:0B05:1872.0005: hiddev2,hidraw4: USB HID v1.11 Device [AsusTek Computer Inc. AURA LED Controller] on usb-0000:00:14.0-8/input0
[    2.472989] hid-generic 0003:1E71:1714.0006: hiddev3,hidraw5: USB HID v1.10 Device [NZXT.-Inc. NZXT USB Device] on usb-0000:00:14.0-12/input0
[    2.514696] fbcon: Taking over console
[    2.514734] Console: switching to colour frame buffer device 128x48
[    2.518463] EXT4-fs (nvme0n1p5): mounted filesystem with ordered data mode. Opts: (null)
[    2.564409] systemd[1]: RTC configured in localtime, applying delta of -300 minutes to system time.
[    2.671909] systemd[1]: systemd 237 running in system mode. (+PAM +AUDIT +SELINUX +IMA +APPARMOR +SMACK +SYSVINIT +UTMP +LIBCRYPTSETUP +GCRYPT +GNUTLS +ACL +XZ +LZ4 +SECCOMP +BLKID +ELFUTILS +KMOD -IDN2 +IDN -PCRE2 default-hierarchy=hybrid)
[    2.693188] systemd[1]: Detected architecture x86-64.
[    2.694915] systemd[1]: Set hostname to <ubuntu>.
[    2.739063] systemd[1]: Started Forward Password Requests to Wall Directory Watch.
[    2.739084] systemd[1]: Reached target User and Group Name Lookups.
[    2.739171] systemd[1]: Created slice System Slice.
[    2.739202] systemd[1]: Listening on fsck to fsckd communication Socket.
[    2.739228] systemd[1]: Listening on /dev/initctl Compatibility Named Pipe.
[    2.739252] systemd[1]: Listening on Syslog Socket.
[    2.739304] systemd[1]: Listening on Journal Audit Socket.
[    2.750220] lp: driver loaded but no devices found
[    2.751633] EXT4-fs (nvme0n1p5): re-mounted. Opts: errors=remount-ro
[    2.752547] ppdev: user-space parallel port driver
[    2.788839] systemd-journald[400]: Received request to flush runtime journal from PID 1
[    2.828683] Adding 2097148k swap on /swapfile.  Priority:-2 extents:6 across:2260988k SSFS
[    2.829776] mei_me 0000:00:16.0: enabling device (0000 -> 0002)
[    2.839331] Bluetooth: Core ver 2.22
[    2.839340] NET: Registered protocol family 31
[    2.839340] Bluetooth: HCI device and connection manager initialized
[    2.839342] Bluetooth: HCI socket layer initialized
[    2.839343] Bluetooth: L2CAP socket layer initialized
[    2.839345] Bluetooth: SCO socket layer initialized
[    2.845570] cfg80211: Loading compiled-in X.509 certificates for regulatory database
[    2.845736] cfg80211: Loaded X.509 cert 'sforshee: 00b28ddf47aef9cea7'
[    2.847225] asus_wmi: ASUS WMI generic driver loaded
[    2.847854] IPMI message handler: version 39.2
[    2.848387] asus_wmi: Initialization: 0x0
[    2.848390] ipmi device interface
[    2.848427] asus_wmi: BIOS WMI version: 0.9
[    2.848609] asus_wmi: SFUN value: 0x0
[    2.848611] eeepc-wmi eeepc-wmi: Detected ASUSWMI, use DCTS
[    2.849207] usbcore: registered new interface driver btusb
[    2.850014] input: Eee PC WMI hotkeys as /devices/platform/eeepc-wmi/input/input12
[    2.850208] asus_wmi: Number of fans: 1
[    2.853487] Bluetooth: hci0: RTL: rtl: examining hci_ver=07 hci_rev=000b lmp_ver=07 lmp_subver=8822

[    2.854477] Bluetooth: hci0: RTL: rom_version status=0 version=2

[    2.854478] Bluetooth: hci0: RTL: rtl: loading rtl_bt/rtl8822b_fw.bin

[    2.855448] Bluetooth: hci0: RTL: rtl: loading rtl_bt/rtl8822b_config.bin

[    2.855636] Bluetooth: hci0: RTL: cfg_sz 14, total sz 20270

[    2.891412] RAPL PMU: API unit is 2^-32 Joules, 3 fixed counters, 655360 ms ovfl timer
[    2.891414] RAPL PMU: hw unit of domain pp0-core 2^-14 Joules
[    2.891414] RAPL PMU: hw unit of domain package 2^-14 Joules
[    2.891414] RAPL PMU: hw unit of domain dram 2^-14 Joules
[    2.897207] cryptd: max_cpu_qlen set to 1000
[    2.901015] rtw_pci 0000:04:00.0: enabling device (0000 -> 0003)
[    2.908233] AVX2 version of gcm_enc/dec engaged.
[    2.908234] AES CTR mode by8 optimization enabled
[    2.912807] snd_hda_intel 0000:01:00.1: Disabling MSI
[    2.912810] snd_hda_intel 0000:01:00.1: Handle vga_switcheroo audio client
[    2.919238] ieee80211 phy0: Selected rate control algorithm 'minstrel_ht'
[    2.919390] rtw_pci 0000:04:00.0: pci msi enabled
[    3.068872] nvidia: loading out-of-tree module taints kernel.
[    3.068876] nvidia: module license 'NVIDIA' taints kernel.
[    3.068876] Disabling lock debugging due to kernel taint
[    3.080929] nvidia: module verification failed: signature and/or required key missing - tainting kernel
[    3.082156] snd_hda_codec_realtek hdaudioC0D0: autoconfig for ALC1220: line_outs=3 (0x14/0x15/0x16/0x0/0x0) type:line
[    3.082157] snd_hda_codec_realtek hdaudioC0D0:    speaker_outs=0 (0x0/0x0/0x0/0x0/0x0)
[    3.082158] snd_hda_codec_realtek hdaudioC0D0:    hp_outs=1 (0x1b/0x0/0x0/0x0/0x0)
[    3.082159] snd_hda_codec_realtek hdaudioC0D0:    mono: mono_out=0x0
[    3.082160] snd_hda_codec_realtek hdaudioC0D0:    dig-out=0x1e/0x0
[    3.082160] snd_hda_codec_realtek hdaudioC0D0:    inputs:
[    3.082162] snd_hda_codec_realtek hdaudioC0D0:      Front Mic=0x19
[    3.082162] snd_hda_codec_realtek hdaudioC0D0:      Rear Mic=0x18
[    3.082163] snd_hda_codec_realtek hdaudioC0D0:      Line=0x1a
[    3.086149] nvidia-nvlink: Nvlink Core is being initialized, major device number 235
[    3.086428] nvidia 0000:01:00.0: vgaarb: changed VGA decodes: olddecodes=io+mem,decodes=none:owns=io+mem
[    3.095073] input: HDA Intel PCH Front Mic as /devices/pci0000:00/0000:00:1f.3/sound/card0/input13
[    3.095094] input: HDA Intel PCH Rear Mic as /devices/pci0000:00/0000:00:1f.3/sound/card0/input14
[    3.095112] input: HDA Intel PCH Line as /devices/pci0000:00/0000:00:1f.3/sound/card0/input15
[    3.095130] input: HDA Intel PCH Line Out Front as /devices/pci0000:00/0000:00:1f.3/sound/card0/input16
[    3.095148] input: HDA Intel PCH Line Out Surround as /devices/pci0000:00/0000:00:1f.3/sound/card0/input17
[    3.095165] input: HDA Intel PCH Line Out CLFE as /devices/pci0000:00/0000:00:1f.3/sound/card0/input18
[    3.095183] input: HDA Intel PCH Front Headphone as /devices/pci0000:00/0000:00:1f.3/sound/card0/input19
[    3.185917] NVRM: loading NVIDIA UNIX x86_64 Kernel Module  440.33.01  Wed Nov 13 00:00:22 UTC 2019
[    3.197139] nvidia-modeset: Loading NVIDIA Kernel Mode Setting Driver for UNIX platforms  440.33.01  Tue Nov 12 23:43:11 UTC 2019
[    3.198172] [drm] [nvidia-drm] [GPU ID 0x00000100] Loading driver
[    3.198173] [drm] Initialized nvidia-drm 0.0.0 20160202 for 0000:01:00.0 on minor 0
[    3.228731] rtw_pci 0000:04:00.0 wlp4s0: renamed from wlan0
[    3.262596] kvm: disabled by bios
[    3.285198] audit: type=1400 audit(1582466468.939:2): apparmor="STATUS" operation="profile_load" profile="unconfined" name="/usr/sbin/ippusbxd" pid=795 comm="apparmor_parser"
[    3.285411] audit: type=1400 audit(1582466468.939:3): apparmor="STATUS" operation="profile_load" profile="unconfined" name="/usr/sbin/cups-browsed" pid=793 comm="apparmor_parser"
[    3.285707] audit: type=1400 audit(1582466468.939:4): apparmor="STATUS" operation="profile_load" profile="unconfined" name="/usr/sbin/tcpdump" pid=797 comm="apparmor_parser"
[    3.285783] audit: type=1400 audit(1582466468.939:5): apparmor="STATUS" operation="profile_load" profile="unconfined" name="/usr/bin/man" pid=791 comm="apparmor_parser"
[    3.285784] audit: type=1400 audit(1582466468.939:6): apparmor="STATUS" operation="profile_load" profile="unconfined" name="man_filter" pid=791 comm="apparmor_parser"
[    3.285785] audit: type=1400 audit(1582466468.939:7): apparmor="STATUS" operation="profile_load" profile="unconfined" name="man_groff" pid=791 comm="apparmor_parser"
[    3.285809] audit: type=1400 audit(1582466468.939:8): apparmor="STATUS" operation="profile_load" profile="unconfined" name="/usr/lib/snapd/snap-confine" pid=792 comm="apparmor_parser"
[    3.285812] audit: type=1400 audit(1582466468.939:9): apparmor="STATUS" operation="profile_load" profile="unconfined" name="/usr/lib/snapd/snap-confine//mount-namespace-capture-helper" pid=792 comm="apparmor_parser"
[    3.285845] audit: type=1400 audit(1582466468.939:10): apparmor="STATUS" operation="profile_load" profile="unconfined" name="/sbin/dhclient" pid=788 comm="apparmor_parser"
[    3.342773] kvm: disabled by bios
[    3.343417] nvidia-uvm: Loaded the UVM driver, major device number 511.
[    3.355161] Bluetooth: BNEP (Ethernet Emulation) ver 1.3
[    3.355162] Bluetooth: BNEP filters: protocol multicast
[    3.355165] Bluetooth: BNEP socket layer initialized
[    3.769867] kvm: disabled by bios
[    3.771238] intel_rapl_common: Found RAPL domain package
[    3.771238] intel_rapl_common: Found RAPL domain core
[    3.771239] intel_rapl_common: Found RAPL domain dram
[    3.789247] input: HDA NVidia HDMI/DP,pcm=3 as /devices/pci0000:00/0000:00:01.0/0000:01:00.1/sound/card1/input20
[    3.789286] input: HDA NVidia HDMI/DP,pcm=7 as /devices/pci0000:00/0000:00:01.0/0000:01:00.1/sound/card1/input21
[    3.789323] input: HDA NVidia HDMI/DP,pcm=8 as /devices/pci0000:00/0000:00:01.0/0000:01:00.1/sound/card1/input22
[    3.789361] input: HDA NVidia HDMI/DP,pcm=9 as /devices/pci0000:00/0000:00:01.0/0000:01:00.1/sound/card1/input23
[    3.885685] kvm: disabled by bios
[    4.061670] kvm: disabled by bios
[    4.099772] rtw_pci 0000:04:00.0: start vif 80:c5:f2:89:ad:b7 on port 0
[    4.157749] kvm: disabled by bios
[    4.249820] kvm: disabled by bios
[    4.309648] kvm: disabled by bios
[    4.393772] kvm: disabled by bios
[    4.437747] kvm: disabled by bios
[    4.497669] kvm: disabled by bios
[    4.545835] kvm: disabled by bios
[    8.398836] wlp4s0: authenticate with 48:5d:36:d8:e2:98
[    8.896545] wlp4s0: send auth to 48:5d:36:d8:e2:98 (try 1/3)
[    8.897192] wlp4s0: authenticated
[    8.900772] wlp4s0: associate with 48:5d:36:d8:e2:98 (try 1/3)
[    8.901788] wlp4s0: RX AssocResp from 48:5d:36:d8:e2:98 (capab=0x1011 status=0 aid=3)
[    8.901827] rtw_pci 0000:04:00.0: sta 48:5d:36:d8:e2:98 joined with macid 0
[    8.984908] wlp4s0: associated
[    8.988937] wlp4s0: Limiting TX power to 30 (30 - 0) dBm as advertised by 48:5d:36:d8:e2:98
[   10.864480] IPv6: ADDRCONF(NETDEV_CHANGE): wlp4s0: link becomes ready
[   10.875172] Bluetooth: RFCOMM TTY layer initialized
[   10.875175] Bluetooth: RFCOMM socket layer initialized
[   10.875177] Bluetooth: RFCOMM ver 1.11
[   11.479716] rfkill: input handler disabled
[ 3519.473665] perf: interrupt took too long (2504 > 2500), lowering kernel.perf_event_max_sample_rate to 79750
[ 5094.416207] perf: interrupt took too long (3132 > 3130), lowering kernel.perf_event_max_sample_rate to 63750
